// Jest Snapshot v1, https://goo.gl/fbAQLP

exports[`<Card /> Should have a default css rules by default 1`] = `
.c0 {
  display: -webkit-box;
  display: -webkit-flex;
  display: -ms-flexbox;
  display: flex;
  -webkit-flex-direction: column;
  -ms-flex-direction: column;
  flex-direction: column;
  -webkit-align-items: flex-start;
  -webkit-box-align: flex-start;
  -ms-flex-align: flex-start;
  align-items: flex-start;
  padding: 28px;
  gap: 16px;
  background: #ffffff;
  box-shadow: 0px 0.25px 1px rgba(0,0,0,0.039),0px 0.85px 3px rgba(0,0,0,0.19);
  border-radius: 8px;
}

.c0:hover {
  cursor: default;
}

@media (min-width:0px) and (max-width:599px) {
  .c0 {
    box-shadow: unset;
    padding: 0;
    width: 100%;
  }
}

<div>
  <div
    class="c0"
  >
    Children
  </div>
</div>
`;
